python3 work/oracle.py build/dense.asc --out results/oracle_dense_addrem.jsonl \
	--flip-class addrem --workers 16
asc=build/dense.asc sha256=9feba8df43621c93… icestorm=0~20230218gitd20a5e9-1
class=addrem targets=36343 remaining=36343 workers=16
  200/36343  1.2 min  eta 215.2 min  positives=0
  400/36343  2.2 min  eta 193.2 min  positives=0
  600/36343  3.1 min  eta 187.1 min  positives=0
  800/36343  4.2 min  eta 184.7 min  positives=0
  1000/36343  4.2 min  eta 149.0 min  positives=0
  1200/36343  5.3 min  eta 154.4 min  positives=0
  1400/36343  6.4 min  eta 159.3 min  positives=0
  1600/36343  7.5 min  eta 163.7 min  positives=0
  1800/36343  8.7 min  eta 166.0 min  positives=0
  2000/36343  8.7 min  eta 150.2 min  positives=0
  2200/36343  9.8 min  eta 152.8 min  positives=0
  2400/36343  10.9 min  eta 154.7 min  positives=0
  2600/36343  12.1 min  eta 157.5 min  positives=0
  2800/36343  12.3 min  eta 146.8 min  positives=0
  3000/36343  13.6 min  eta 150.7 min  positives=0
  3200/36343  14.8 min  eta 153.1 min  positives=0
  3400/36343  15.9 min  eta 153.9 min  positives=0
  3600/36343  16.9 min  eta 154.2 min  positives=0
  3800/36343  17.2 min  eta 146.9 min  positives=0
  4000/36343  18.3 min  eta 147.6 min  positives=0
  4200/36343  19.4 min  eta 148.3 min  positives=0
  4400/36343  20.5 min  eta 148.9 min  positives=0
  4600/36343  20.8 min  eta 143.3 min  positives=0
  4800/36343  21.8 min  eta 143.2 min  positives=0
  5000/36343  22.9 min  eta 143.4 min  positives=0
  5200/36343  24.0 min  eta 143.7 min  positives=0
  5400/36343  25.1 min  eta 143.5 min  positives=0
  5600/36343  25.3 min  eta 138.8 min  positives=0
  5800/36343  26.3 min  eta 138.7 min  positives=0
  6000/36343  27.4 min  eta 138.4 min  positives=0
  6200/36343  28.4 min  eta 138.2 min  positives=0
  6400/36343  28.7 min  eta 134.3 min  positives=0
  6600/36343  29.7 min  eta 134.0 min  positives=0
  6800/36343  30.8 min  eta 133.8 min  positives=0
  7000/36343  31.8 min  eta 133.3 min  positives=0
  7200/36343  32.9 min  eta 133.0 min  positives=0
  7400/36343  33.1 min  eta 129.5 min  positives=0
  7600/36343  34.2 min  eta 129.2 min  positives=0
  7800/36343  35.2 min  eta 128.7 min  positives=0
  8000/36343  36.3 min  eta 128.5 min  positives=0
  8200/36343  37.3 min  eta 128.1 min  positives=0
  8400/36343  37.5 min  eta 124.9 min  positives=0
  8600/36343  38.6 min  eta 124.5 min  positives=0
  8800/36343  39.6 min  eta 124.0 min  positives=0
  9000/36343  40.7 min  eta 123.6 min  positives=0
  9200/36343  41.0 min  eta 120.9 min  positives=0
  9400/36343  42.0 min  eta 120.4 min  positives=0
  9600/36343  43.0 min  eta 119.8 min  positives=0
  9800/36343  44.1 min  eta 119.3 min  positives=0
  10000/36343  45.1 min  eta 118.7 min  positives=0
  10200/36343  45.4 min  eta 116.3 min  positives=0
  10400/36343  46.4 min  eta 115.8 min  positives=0
  10600/36343  47.5 min  eta 115.3 min  positives=0
  10800/36343  48.5 min  eta 114.7 min  positives=0
  11000/36343  48.9 min  eta 112.6 min  positives=0
  11200/36343  49.8 min  eta 111.9 min  positives=0
  11400/36343  50.9 min  eta 111.3 min  positives=0
  11600/36343  51.9 min  eta 110.7 min  positives=0
  11800/36343  52.9 min  eta 109.9 min  positives=0
  12000/36343  53.2 min  eta 107.9 min  positives=0
  12200/36343  54.3 min  eta 107.5 min  positives=0
  12400/36343  55.3 min  eta 106.8 min  positives=0
  12600/36343  56.3 min  eta 106.1 min  positives=0
  12800/36343  56.8 min  eta 104.4 min  positives=0
  13000/36343  57.7 min  eta 103.6 min  positives=0
  13200/36343  58.7 min  eta 102.9 min  positives=0
  13400/36343  59.7 min  eta 102.2 min  positives=0
  13600/36343  60.6 min  eta 101.4 min  positives=0
  13800/36343  61.1 min  eta 99.9 min  positives=0
  14000/36343  62.1 min  eta 99.1 min  positives=0
  14200/36343  63.1 min  eta 98.4 min  positives=0
  14400/36343  64.1 min  eta 97.7 min  positives=0
  14600/36343  65.1 min  eta 96.9 min  positives=0
  14800/36343  65.5 min  eta 95.3 min  positives=0
  15000/36343  66.5 min  eta 94.6 min  positives=0
  15200/36343  67.5 min  eta 93.9 min  positives=0
  15400/36343  68.5 min  eta 93.1 min  positives=0
  15600/36343  68.9 min  eta 91.6 min  positives=0
  15800/36343  69.9 min  eta 90.9 min  positives=0
  16000/36343  70.9 min  eta 90.1 min  positives=0
  16200/36343  72.0 min  eta 89.5 min  positives=0
  16400/36343  72.9 min  eta 88.6 min  positives=0
  16600/36343  73.4 min  eta 87.3 min  positives=0
  16800/36343  74.3 min  eta 86.4 min  positives=0
  17000/36343  75.3 min  eta 85.7 min  positives=0
  17200/36343  76.3 min  eta 84.9 min  positives=0
  17400/36343  76.8 min  eta 83.6 min  positives=0
  17600/36343  77.7 min  eta 82.8 min  positives=0
  17800/36343  78.8 min  eta 82.1 min  positives=0
  18000/36343  79.7 min  eta 81.3 min  positives=0
  18200/36343  80.6 min  eta 80.4 min  positives=0
  18400/36343  81.2 min  eta 79.2 min  positives=0
  18600/36343  82.2 min  eta 78.4 min  positives=0
  18800/36343  83.1 min  eta 77.6 min  positives=0
  19000/36343  84.0 min  eta 76.7 min  positives=0
  19200/36343  84.7 min  eta 75.6 min  positives=0
  19400/36343  85.7 min  eta 74.8 min  positives=0
  19600/36343  86.5 min  eta 73.9 min  positives=0
  19800/36343  87.5 min  eta 73.1 min  positives=0
  20000/36343  88.4 min  eta 72.2 min  positives=0
  20200/36343  89.1 min  eta 71.2 min  positives=0
  20400/36343  90.0 min  eta 70.4 min  positives=0
  20600/36343  90.9 min  eta 69.5 min  positives=0
  20800/36343  91.8 min  eta 68.6 min  positives=0
  21000/36343  92.8 min  eta 67.8 min  positives=0
  21200/36343  93.5 min  eta 66.8 min  positives=0
  21400/36343  94.4 min  eta 65.9 min  positives=0
  21600/36343  95.3 min  eta 65.1 min  positives=0
  21800/36343  96.3 min  eta 64.2 min  positives=0
  22000/36343  96.9 min  eta 63.2 min  positives=0
  22200/36343  97.9 min  eta 62.4 min  positives=0
  22400/36343  98.7 min  eta 61.4 min  positives=0
  22600/36343  99.8 min  eta 60.7 min  positives=0
  22800/36343  100.6 min  eta 59.7 min  positives=0
  23000/36343  101.4 min  eta 58.8 min  positives=0
  23200/36343  102.2 min  eta 57.9 min  positives=0
  23400/36343  103.1 min  eta 57.1 min  positives=0
  23600/36343  104.1 min  eta 56.2 min  positives=0
  23800/36343  104.9 min  eta 55.3 min  positives=0
  24000/36343  105.7 min  eta 54.4 min  positives=0
  24200/36343  106.6 min  eta 53.5 min  positives=0
  24400/36343  107.6 min  eta 52.6 min  positives=0
  24600/36343  108.5 min  eta 51.8 min  positives=0
  24800/36343  109.2 min  eta 50.8 min  positives=0
  25000/36343  110.1 min  eta 50.0 min  positives=0
  25200/36343  110.9 min  eta 49.1 min  positives=0
  25400/36343  112.0 min  eta 48.2 min  positives=0
  25600/36343  112.7 min  eta 47.3 min  positives=0
  25800/36343  113.6 min  eta 46.4 min  positives=0
  26000/36343  114.4 min  eta 45.5 min  positives=0
  26200/36343  115.4 min  eta 44.7 min  positives=0
  26400/36343  116.2 min  eta 43.8 min  positives=0
  26600/36343  117.2 min  eta 42.9 min  positives=0
  26800/36343  118.0 min  eta 42.0 min  positives=0
  27000/36343  118.8 min  eta 41.1 min  positives=0
  27200/36343  119.8 min  eta 40.3 min  positives=0
  27400/36343  120.6 min  eta 39.4 min  positives=0
  27600/36343  121.5 min  eta 38.5 min  positives=0
  27800/36343  122.4 min  eta 37.6 min  positives=0
  28000/36343  123.2 min  eta 36.7 min  positives=0
  28200/36343  124.1 min  eta 35.8 min  positives=0
  28400/36343  124.9 min  eta 34.9 min  positives=0
  28600/36343  125.8 min  eta 34.1 min  positives=0
  28800/36343  126.6 min  eta 33.2 min  positives=0
  29000/36343  127.6 min  eta 32.3 min  positives=0
  29200/36343  128.5 min  eta 31.4 min  positives=0
  29400/36343  129.3 min  eta 30.5 min  positives=0
  29600/36343  130.2 min  eta 29.7 min  positives=0
  29800/36343  131.0 min  eta 28.8 min  positives=0
  30000/36343  131.9 min  eta 27.9 min  positives=0
  30200/36343  132.8 min  eta 27.0 min  positives=0
  30400/36343  133.7 min  eta 26.1 min  positives=0
  30600/36343  134.5 min  eta 25.2 min  positives=0
  30800/36343  135.4 min  eta 24.4 min  positives=0
  31000/36343  136.3 min  eta 23.5 min  positives=0
  31200/36343  137.1 min  eta 22.6 min  positives=0
  31400/36343  138.1 min  eta 21.7 min  positives=0
  31600/36343  138.8 min  eta 20.8 min  positives=0
  31800/36343  139.8 min  eta 20.0 min  positives=0
  32000/36343  140.7 min  eta 19.1 min  positives=0
  32200/36343  141.5 min  eta 18.2 min  positives=0
  32400/36343  142.3 min  eta 17.3 min  positives=0
  32600/36343  143.2 min  eta 16.4 min  positives=0
  32800/36343  144.1 min  eta 15.6 min  positives=0
  33000/36343  145.1 min  eta 14.7 min  positives=0
  33200/36343  145.9 min  eta 13.8 min  positives=0
  33400/36343  146.7 min  eta 12.9 min  positives=0
  33600/36343  147.7 min  eta 12.1 min  positives=0
  33800/36343  148.6 min  eta 11.2 min  positives=0
  34000/36343  149.3 min  eta 10.3 min  positives=0
  34200/36343  150.3 min  eta 9.4 min  positives=0
  34400/36343  151.1 min  eta 8.5 min  positives=0
  34600/36343  152.1 min  eta 7.7 min  positives=0
  34800/36343  153.0 min  eta 6.8 min  positives=0
  35000/36343  153.8 min  eta 5.9 min  positives=0
  35200/36343  154.5 min  eta 5.0 min  positives=0
  35400/36343  155.5 min  eta 4.1 min  positives=0
  35600/36343  156.4 min  eta 3.3 min  positives=0
  35800/36343  157.2 min  eta 2.4 min  positives=0
  36000/36343  158.1 min  eta 1.5 min  positives=0
  36200/36343  158.9 min  eta 0.6 min  positives=0

checked 36343 / 36343 flips in this class
workers=16 elapsed=159.2 min asc_sha256=9feba8df43621c93… icestorm=0~20230218gitd20a5e9-1
oracle positives : 0
model/oracle disagreements: 0

Positive coordinates:

Driver identities: LUT/IO-input/RAM-read/UP5K-DSP/PLL outputs. glb_netwk_* is a distribution network and is not counted as a source; oscillator and other hard-IP outputs remain outside this oracle's coverage.
