python3 work/oracle.py build/leds.asc --out results/oracle_leds_full.jsonl \
	--workers 16
asc=build/leds.asc sha256=e982ad491a2d3530… icestorm=0~20230218gitd20a5e9-1
class=adds targets=49090 remaining=49090 workers=16
  200/49090  0.5 min  eta 132.6 min  positives=0
  400/49090  0.9 min  eta 104.5 min  positives=0
  600/49090  1.2 min  eta 96.4 min  positives=0
  800/49090  1.5 min  eta 91.9 min  positives=0
  1000/49090  1.6 min  eta 74.6 min  positives=0
  1200/49090  1.9 min  eta 75.7 min  positives=0
  1400/49090  2.2 min  eta 76.6 min  positives=0
  1600/49090  2.6 min  eta 77.1 min  positives=0
  1800/49090  2.9 min  eta 77.0 min  positives=0
  2000/49090  3.0 min  eta 70.3 min  positives=0
  2200/49090  3.3 min  eta 71.2 min  positives=0
  2400/49090  3.7 min  eta 72.2 min  positives=0
  2600/49090  4.1 min  eta 72.6 min  positives=0
  2800/49090  4.1 min  eta 68.0 min  positives=0
  3000/49090  4.5 min  eta 68.8 min  positives=0
  3200/49090  4.8 min  eta 69.1 min  positives=0
  3400/49090  5.2 min  eta 69.6 min  positives=0
  3600/49090  5.5 min  eta 69.7 min  positives=0
  3800/49090  5.6 min  eta 67.2 min  positives=0
  4000/49090  6.0 min  eta 67.4 min  positives=0
  4200/49090  6.3 min  eta 67.9 min  positives=0
  4400/49090  6.7 min  eta 68.3 min  positives=0
  4600/49090  6.8 min  eta 66.1 min  positives=0
  4800/49090  7.2 min  eta 66.0 min  positives=0
  5000/49090  7.5 min  eta 66.3 min  positives=0
  5200/49090  7.9 min  eta 66.4 min  positives=0
  5400/49090  8.2 min  eta 66.7 min  positives=0
  5600/49090  8.4 min  eta 64.9 min  positives=0
  5800/49090  8.7 min  eta 64.9 min  positives=0
  6000/49090  9.1 min  eta 65.0 min  positives=0
  6200/49090  9.4 min  eta 65.1 min  positives=0
  6400/49090  9.6 min  eta 64.1 min  positives=0
  6600/49090  9.9 min  eta 63.7 min  positives=0
  6800/49090  10.2 min  eta 63.7 min  positives=0
  7000/49090  10.6 min  eta 63.7 min  positives=0
  7200/49090  10.9 min  eta 63.6 min  positives=0
  7400/49090  11.2 min  eta 62.8 min  positives=0
  7600/49090  11.4 min  eta 62.3 min  positives=0
  7800/49090  11.8 min  eta 62.3 min  positives=0
  8000/49090  12.1 min  eta 62.4 min  positives=0
  8200/49090  12.5 min  eta 62.4 min  positives=0
  8400/49090  12.7 min  eta 61.4 min  positives=1
  8600/49090  13.1 min  eta 61.5 min  positives=5
  8800/49090  13.4 min  eta 61.5 min  positives=7
  9000/49090  13.8 min  eta 61.4 min  positives=10
  9200/49090  14.1 min  eta 61.0 min  positives=12
  9400/49090  14.3 min  eta 60.6 min  positives=13
  9600/49090  14.7 min  eta 60.5 min  positives=14
  9800/49090  15.1 min  eta 60.6 min  positives=14
  10000/49090  15.5 min  eta 60.5 min  positives=14
  10200/49090  15.7 min  eta 59.8 min  positives=14
  10400/49090  16.0 min  eta 59.7 min  positives=14
  10600/49090  16.4 min  eta 59.7 min  positives=14
  10800/49090  16.8 min  eta 59.6 min  positives=14
  11000/49090  17.2 min  eta 59.4 min  positives=14
  11200/49090  17.4 min  eta 58.7 min  positives=14
  11400/49090  17.7 min  eta 58.7 min  positives=14
  11600/49090  18.1 min  eta 58.5 min  positives=14
  11800/49090  18.5 min  eta 58.5 min  positives=14
  12000/49090  18.7 min  eta 57.9 min  positives=14
  12200/49090  19.1 min  eta 57.7 min  positives=14
  12400/49090  19.4 min  eta 57.5 min  positives=14
  12600/49090  19.8 min  eta 57.4 min  positives=14
  12800/49090  20.2 min  eta 57.3 min  positives=14
  13000/49090  20.4 min  eta 56.6 min  positives=14
  13200/49090  20.8 min  eta 56.5 min  positives=14
  13400/49090  21.1 min  eta 56.3 min  positives=14
  13600/49090  21.5 min  eta 56.2 min  positives=14
  13800/49090  21.9 min  eta 56.0 min  positives=14
  14000/49090  22.1 min  eta 55.3 min  positives=14
  14200/49090  22.5 min  eta 55.2 min  positives=14
  14400/49090  22.8 min  eta 55.0 min  positives=14
  14600/49090  23.2 min  eta 54.9 min  positives=14
  14800/49090  23.4 min  eta 54.2 min  positives=14
  15000/49090  23.8 min  eta 54.1 min  positives=14
  15200/49090  24.2 min  eta 53.9 min  positives=14
  15400/49090  24.5 min  eta 53.7 min  positives=14
  15600/49090  24.9 min  eta 53.5 min  positives=14
  15800/49090  25.1 min  eta 52.9 min  positives=14
  16000/49090  25.5 min  eta 52.7 min  positives=14
  16200/49090  25.9 min  eta 52.5 min  positives=14
  16400/49090  26.2 min  eta 52.3 min  positives=14
  16600/49090  26.5 min  eta 51.9 min  positives=14
  16800/49090  26.8 min  eta 51.5 min  positives=14
  17000/49090  27.2 min  eta 51.4 min  positives=14
  17200/49090  27.5 min  eta 51.1 min  positives=14
  17400/49090  27.9 min  eta 50.9 min  positives=14
  17600/49090  28.1 min  eta 50.3 min  positives=14
  17800/49090  28.5 min  eta 50.1 min  positives=14
  18000/49090  28.9 min  eta 49.9 min  positives=14
  18200/49090  29.3 min  eta 49.7 min  positives=14
  18400/49090  29.5 min  eta 49.3 min  positives=14
  18600/49090  29.8 min  eta 48.9 min  positives=14
  18800/49090  30.2 min  eta 48.7 min  positives=14
  19000/49090  30.6 min  eta 48.4 min  positives=14
  19200/49090  30.9 min  eta 48.2 min  positives=14
  19400/49090  31.2 min  eta 47.7 min  positives=14
  19600/49090  31.5 min  eta 47.5 min  positives=14
  19800/49090  31.9 min  eta 47.2 min  positives=14
  20000/49090  32.3 min  eta 46.9 min  positives=14
  20200/49090  32.6 min  eta 46.6 min  positives=14
  20400/49090  32.9 min  eta 46.2 min  positives=14
  20600/49090  33.2 min  eta 46.0 min  positives=14
  20800/49090  33.6 min  eta 45.7 min  positives=14
  21000/49090  34.0 min  eta 45.4 min  positives=14
  21200/49090  34.2 min  eta 45.0 min  positives=14
  21400/49090  34.6 min  eta 44.7 min  positives=14
  21600/49090  34.9 min  eta 44.4 min  positives=14
  21800/49090  35.3 min  eta 44.2 min  positives=14
  22000/49090  35.6 min  eta 43.9 min  positives=14
  22200/49090  35.9 min  eta 43.5 min  positives=14
  22400/49090  36.3 min  eta 43.2 min  positives=14
  22600/49090  36.6 min  eta 42.9 min  positives=14
  22800/49090  37.0 min  eta 42.6 min  positives=14
  23000/49090  37.3 min  eta 42.3 min  positives=14
  23200/49090  37.6 min  eta 41.9 min  positives=14
  23400/49090  37.9 min  eta 41.6 min  positives=14
  23600/49090  38.3 min  eta 41.4 min  positives=14
  23800/49090  38.6 min  eta 41.0 min  positives=14
  24000/49090  38.9 min  eta 40.7 min  positives=14
  24200/49090  39.3 min  eta 40.4 min  positives=14
  24400/49090  39.6 min  eta 40.1 min  positives=14
  24600/49090  40.0 min  eta 39.8 min  positives=14
  24800/49090  40.3 min  eta 39.5 min  positives=14
  25000/49090  40.6 min  eta 39.1 min  positives=14
  25200/49090  40.9 min  eta 38.8 min  positives=14
  25400/49090  41.3 min  eta 38.5 min  positives=14
  25600/49090  41.7 min  eta 38.2 min  positives=14
  25800/49090  42.0 min  eta 37.9 min  positives=14
  26000/49090  42.3 min  eta 37.5 min  positives=14
  26200/49090  42.6 min  eta 37.2 min  positives=14
  26400/49090  43.0 min  eta 37.0 min  positives=14
  26600/49090  43.3 min  eta 36.6 min  positives=14
  26800/49090  43.6 min  eta 36.3 min  positives=14
  27000/49090  44.0 min  eta 36.0 min  positives=14
  27200/49090  44.3 min  eta 35.6 min  positives=14
  27400/49090  44.7 min  eta 35.4 min  positives=14
  27600/49090  45.0 min  eta 35.0 min  positives=14
  27800/49090  45.3 min  eta 34.7 min  positives=14
  28000/49090  45.7 min  eta 34.4 min  positives=14
  28200/49090  46.0 min  eta 34.1 min  positives=14
  28400/49090  46.3 min  eta 33.7 min  positives=14
  28600/49090  46.6 min  eta 33.4 min  positives=14
  28800/49090  46.9 min  eta 33.1 min  positives=14
  29000/49090  47.3 min  eta 32.8 min  positives=14
  29200/49090  47.6 min  eta 32.4 min  positives=14
  29400/49090  47.9 min  eta 32.1 min  positives=14
  29600/49090  48.2 min  eta 31.7 min  positives=14
  29800/49090  48.5 min  eta 31.4 min  positives=14
  30000/49090  48.9 min  eta 31.1 min  positives=14
  30200/49090  49.2 min  eta 30.8 min  positives=14
  30400/49090  49.5 min  eta 30.4 min  positives=14
  30600/49090  49.9 min  eta 30.1 min  positives=14
  30800/49090  50.2 min  eta 29.8 min  positives=14
  31000/49090  50.7 min  eta 29.6 min  positives=14
  31200/49090  51.0 min  eta 29.3 min  positives=14
  31400/49090  51.4 min  eta 29.0 min  positives=14
  31600/49090  51.7 min  eta 28.6 min  positives=14
  31800/49090  52.2 min  eta 28.4 min  positives=14
  32000/49090  52.6 min  eta 28.1 min  positives=14
  32200/49090  52.8 min  eta 27.7 min  positives=14
  32400/49090  53.2 min  eta 27.4 min  positives=14
  32600/49090  53.5 min  eta 27.1 min  positives=14
  32800/49090  53.9 min  eta 26.8 min  positives=14
  33000/49090  54.3 min  eta 26.5 min  positives=14
  33200/49090  54.6 min  eta 26.1 min  positives=14
  33400/49090  54.9 min  eta 25.8 min  positives=14
  33600/49090  55.3 min  eta 25.5 min  positives=14
  33800/49090  55.7 min  eta 25.2 min  positives=14
  34000/49090  56.0 min  eta 24.8 min  positives=14
  34200/49090  56.3 min  eta 24.5 min  positives=14
  34400/49090  56.6 min  eta 24.2 min  positives=14
  34600/49090  57.0 min  eta 23.9 min  positives=14
  34800/49090  57.4 min  eta 23.6 min  positives=14
  35000/49090  57.7 min  eta 23.2 min  positives=14
  35200/49090  58.0 min  eta 22.9 min  positives=14
  35400/49090  58.4 min  eta 22.6 min  positives=14
  35600/49090  58.8 min  eta 22.3 min  positives=14
  35800/49090  59.6 min  eta 22.1 min  positives=14
  36000/49090  60.4 min  eta 22.0 min  positives=14
  36200/49090  61.1 min  eta 21.7 min  positives=14
  36400/49090  62.1 min  eta 21.6 min  positives=14
  36600/49090  63.1 min  eta 21.5 min  positives=14
  36800/49090  63.6 min  eta 21.2 min  positives=14
  37000/49090  64.6 min  eta 21.1 min  positives=14
  37200/49090  65.5 min  eta 20.9 min  positives=14
  37400/49090  66.3 min  eta 20.7 min  positives=14
  37600/49090  66.9 min  eta 20.4 min  positives=14
  37800/49090  68.0 min  eta 20.3 min  positives=14
  38000/49090  68.5 min  eta 20.0 min  positives=14
  38200/49090  68.9 min  eta 19.6 min  positives=14
  38400/49090  69.3 min  eta 19.3 min  positives=14
  38600/49090  69.6 min  eta 18.9 min  positives=14
  38800/49090  70.0 min  eta 18.6 min  positives=14
  39000/49090  70.2 min  eta 18.2 min  positives=14
  39200/49090  70.6 min  eta 17.8 min  positives=14
  39400/49090  70.9 min  eta 17.4 min  positives=14
  39600/49090  71.2 min  eta 17.1 min  positives=14
  39800/49090  71.6 min  eta 16.7 min  positives=14
  40000/49090  71.8 min  eta 16.3 min  positives=14
  40200/49090  72.2 min  eta 16.0 min  positives=14
  40400/49090  72.5 min  eta 15.6 min  positives=14
  40600/49090  72.8 min  eta 15.2 min  positives=14
  40800/49090  73.1 min  eta 14.9 min  positives=14
  41000/49090  73.5 min  eta 14.5 min  positives=14
  41200/49090  73.7 min  eta 14.1 min  positives=14
  41400/49090  74.1 min  eta 13.8 min  positives=14
  41600/49090  74.4 min  eta 13.4 min  positives=14
  41800/49090  74.7 min  eta 13.0 min  positives=14
  42000/49090  75.0 min  eta 12.7 min  positives=14
  42200/49090  75.3 min  eta 12.3 min  positives=14
  42400/49090  75.7 min  eta 11.9 min  positives=14
  42600/49090  76.0 min  eta 11.6 min  positives=14
  42800/49090  76.3 min  eta 11.2 min  positives=14
  43000/49090  76.7 min  eta 10.9 min  positives=14
  43200/49090  77.0 min  eta 10.5 min  positives=14
  43400/49090  77.3 min  eta 10.1 min  positives=14
  43600/49090  77.6 min  eta 9.8 min  positives=14
  43800/49090  77.9 min  eta 9.4 min  positives=14
  44000/49090  78.2 min  eta 9.0 min  positives=14
  44200/49090  78.6 min  eta 8.7 min  positives=14
  44400/49090  78.9 min  eta 8.3 min  positives=14
  44600/49090  79.2 min  eta 8.0 min  positives=14
  44800/49090  79.5 min  eta 7.6 min  positives=14
  45000/49090  79.8 min  eta 7.3 min  positives=14
  45200/49090  80.2 min  eta 6.9 min  positives=14
  45400/49090  80.5 min  eta 6.5 min  positives=14
  45600/49090  80.8 min  eta 6.2 min  positives=14
  45800/49090  81.1 min  eta 5.8 min  positives=14
  46000/49090  81.4 min  eta 5.5 min  positives=14
  46200/49090  81.8 min  eta 5.1 min  positives=14
  46400/49090  82.1 min  eta 4.8 min  positives=14
  46600/49090  82.4 min  eta 4.4 min  positives=14
  46800/49090  82.7 min  eta 4.0 min  positives=14
  47000/49090  83.0 min  eta 3.7 min  positives=14
  47200/49090  83.4 min  eta 3.3 min  positives=14
  47400/49090  83.7 min  eta 3.0 min  positives=14
  47600/49090  83.9 min  eta 2.6 min  positives=14
  47800/49090  84.3 min  eta 2.3 min  positives=14
  48000/49090  84.7 min  eta 1.9 min  positives=14
  48200/49090  85.0 min  eta 1.6 min  positives=14
  48400/49090  85.2 min  eta 1.2 min  positives=14
  48600/49090  85.6 min  eta 0.9 min  positives=14
  48800/49090  85.9 min  eta 0.5 min  positives=14
  49000/49090  86.2 min  eta 0.2 min  positives=14

checked 49090 / 49090 flips in this class
workers=16 elapsed=86.2 min asc_sha256=e982ad491a2d3530… icestorm=0~20230218gitd20a5e9-1
oracle positives : 14
model/oracle disagreements: 0

Positive coordinates:
  tile=(4,27) bit=B2[50]
  tile=(4,27) bit=B8[50]
  tile=(4,27) bit=B10[50]
  tile=(4,27) bit=B12[50]
  tile=(4,27) bit=B14[50]
  tile=(4,28) bit=B4[50]
  tile=(4,28) bit=B8[50]
  tile=(4,28) bit=B10[50]
  tile=(4,28) bit=B12[50]
  tile=(4,29) bit=B2[50]
  tile=(4,29) bit=B4[50]
  tile=(4,29) bit=B6[50]
  tile=(4,30) bit=B2[50]
  tile=(4,30) bit=B10[53]

Driver identities: LUT/IO-input/RAM-read/UP5K-DSP/PLL outputs. glb_netwk_* is a distribution network and is not counted as a source; oscillator and other hard-IP outputs remain outside this oracle's coverage.
